// Jest Snapshot v1, https://goo.gl/fbAQLP

exports[`renders correctly 1`] = `
<View
  style={
    Object {
      "flex": 1,
      "justifyContent": "center",
    }
  }
>
  <View
    style={
      Object {
        "alignItems": "center",
      }
    }
  >
    <Text
      accessible={true}
      allowFontScaling={true}
      disabled={false}
      ellipsizeMode="tail"
      style={
        Array [
          Object {},
          Object {
            "fontSize": 50,
          },
          undefined,
          undefined,
          undefined,
          Object {},
          undefined,
          undefined,
          undefined,
          undefined,
          undefined,
        ]
      }
    >
      Musidex
    </Text>
  </View>
  <View>
    <View
      style={
        Array [
          Object {},
          undefined,
        ]
      }
    >
      <Text
        accessible={true}
        allowFontScaling={true}
        disabled={false}
        ellipsizeMode="tail"
        style={
          Array [
            Object {},
            undefined,
            undefined,
            undefined,
            undefined,
            undefined,
            undefined,
            undefined,
            undefined,
            undefined,
            Array [
              Object {
                "color": "#86939e",
                "fontSize": 15,
                "fontWeight": "bold",
                "marginBottom": 1,
                "marginLeft": 20,
                "marginRight": 20,
                "marginTop": 15,
              },
              undefined,
              undefined,
            ],
          ]
        }
      >
        Username or Email
      </Text>
    </View>
    <View
      collapsable={undefined}
      style={
        Object {
          "borderBottomColor": "#bdc6cf",
          "borderBottomWidth": 1,
          "marginLeft": 20,
          "marginRight": 20,
          "transform": Array [
            Object {
              "translateX": 0,
            },
          ],
        }
      }
    >
      <TextInput
        onChangeText={[Function]}
        selectionColor="#86939e"
        style={
          Array [
            Object {
              "color": "#86939e",
              "minHeight": 36,
              "width": 750,
            },
            Object {
              "fontSize": 17.5,
            },
            undefined,
          ]
        }
        value=""
      />
    </View>
  </View>
  <View>
    <View
      style={
        Array [
          Object {},
          undefined,
        ]
      }
    >
      <Text
        accessible={true}
        allowFontScaling={true}
        disabled={false}
        ellipsizeMode="tail"
        style={
          Array [
            Object {},
            undefined,
            undefined,
            undefined,
            undefined,
            undefined,
            undefined,
            undefined,
            undefined,
            undefined,
            Array [
              Object {
                "color": "#86939e",
                "fontSize": 15,
                "fontWeight": "bold",
                "marginBottom": 1,
                "marginLeft": 20,
                "marginRight": 20,
                "marginTop": 15,
              },
              undefined,
              undefined,
            ],
          ]
        }
      >
        Password
      </Text>
    </View>
    <View
      collapsable={undefined}
      style={
        Object {
          "borderBottomColor": "#bdc6cf",
          "borderBottomWidth": 1,
          "marginLeft": 20,
          "marginRight": 20,
          "transform": Array [
            Object {
              "translateX": 0,
            },
          ],
        }
      }
    >
      <TextInput
        onChangeText={[Function]}
        secureTextEntry={true}
        selectionColor="#86939e"
        style={
          Array [
            Object {
              "color": "#86939e",
              "minHeight": 36,
              "width": 750,
            },
            Object {
              "fontSize": 17.5,
            },
            undefined,
          ]
        }
        value=""
      />
    </View>
  </View>
  <View
    style={
      Array [
        Object {
          "backgroundColor": "transparent",
          "marginLeft": 15,
          "marginRight": 15,
        },
        Object {
          "shadowColor": "rgba(0,0,0, .4)",
          "shadowOffset": Object {
            "height": 1,
            "width": 1,
          },
          "shadowOpacity": 1,
          "shadowRadius": 1,
        },
        undefined,
      ]
    }
  >
    <View
      accessibilityComponentType={undefined}
      accessibilityLabel={undefined}
      accessibilityTraits={undefined}
      accessible={true}
      hasTVPreferredFocus={undefined}
      hitSlop={undefined}
      isTVSelectable={true}
      nativeID={undefined}
      onLayout={undefined}
      onResponderGrant={[Function]}
      onResponderMove={[Function]}
      onResponderRelease={[Function]}
      onResponderTerminate={[Function]}
      onResponderTerminationRequest={[Function]}
      onStartShouldSetResponder={[Function]}
      style={
        Array [
          Object {
            "backgroundColor": "transparent",
          },
          undefined,
        ]
      }
      testID={undefined}
      tvParallaxProperties={undefined}
    >
      <View
        style={
          Array [
            Object {
              "alignItems": "center",
              "backgroundColor": "#9E9E9E",
              "flexDirection": "row",
              "justifyContent": "center",
              "padding": 19,
            },
            undefined,
            undefined,
            undefined,
            undefined,
            undefined,
            Object {
              "backgroundColor": "#6296f9",
            },
            undefined,
            false,
            undefined,
            undefined,
            undefined,
            undefined,
            undefined,
            undefined,
          ]
        }
      >
        <Text
          accessible={true}
          allowFontScaling={true}
          disabled={false}
          ellipsizeMode="tail"
          style={
            Array [
              Object {},
              undefined,
              undefined,
              undefined,
              undefined,
              undefined,
              undefined,
              undefined,
              undefined,
              undefined,
              Array [
                Object {
                  "color": "white",
                  "fontSize": 20,
                },
                undefined,
                false,
                undefined,
                undefined,
                undefined,
                undefined,
              ],
            ]
          }
        >
          Log In
        </Text>
      </View>
    </View>
  </View>
  <View
    style={
      Array [
        Object {
          "backgroundColor": "transparent",
          "marginLeft": 15,
          "marginRight": 15,
        },
        Object {
          "shadowColor": "rgba(0,0,0, .4)",
          "shadowOffset": Object {
            "height": 1,
            "width": 1,
          },
          "shadowOpacity": 1,
          "shadowRadius": 1,
        },
        undefined,
      ]
    }
  >
    <View
      accessibilityComponentType={undefined}
      accessibilityLabel={undefined}
      accessibilityTraits={undefined}
      accessible={true}
      hasTVPreferredFocus={undefined}
      hitSlop={undefined}
      isTVSelectable={true}
      nativeID={undefined}
      onLayout={undefined}
      onResponderGrant={[Function]}
      onResponderMove={[Function]}
      onResponderRelease={[Function]}
      onResponderTerminate={[Function]}
      onResponderTerminationRequest={[Function]}
      onStartShouldSetResponder={[Function]}
      style={
        Array [
          Object {
            "backgroundColor": "transparent",
          },
          undefined,
        ]
      }
      testID={undefined}
      tvParallaxProperties={undefined}
    >
      <View
        style={
          Array [
            Object {
              "alignItems": "center",
              "backgroundColor": "#9E9E9E",
              "flexDirection": "row",
              "justifyContent": "center",
              "padding": 19,
            },
            undefined,
            undefined,
            undefined,
            undefined,
            undefined,
            undefined,
            undefined,
            false,
            undefined,
            undefined,
            undefined,
            undefined,
            undefined,
            undefined,
          ]
        }
      >
        <Text
          accessible={true}
          allowFontScaling={true}
          disabled={false}
          ellipsizeMode="tail"
          style={
            Array [
              Object {},
              undefined,
              undefined,
              undefined,
              undefined,
              undefined,
              undefined,
              undefined,
              undefined,
              undefined,
              Array [
                Object {
                  "color": "white",
                  "fontSize": 20,
                },
                undefined,
                false,
                undefined,
                undefined,
                undefined,
                undefined,
              ],
            ]
          }
        >
          Sign Up
        </Text>
      </View>
    </View>
  </View>
</View>
`;
